
> plus-clair-app@2.0.0 prebuild
> echo 'Building app...'

'Building app...'

> plus-clair-app@2.0.0 build
> react-scripts build

Creating an optimized production build...
Failed to compile.

Attempted import error: 'Scooter' is not exported from 'lucide-react' (imported as 'Scooter').


npm error Lifecycle script `build` failed with error:
npm error code 1
npm error path C:\Users\Victor\Desktop\PLUQLA\client
npm error workspace plus-clair-app@2.0.0
npm error location C:\Users\Victor\Desktop\PLUQLA\client
npm error command failed
npm error command C:\WINDOWS\system32\cmd.exe /d /s /c react-scripts build
